// Jest Snapshot v1, https://goo.gl/fbAQLP

exports[`schema-to-object it should transform prisma.schema to objects 1`] = `
Object {
  "enums": Array [
    Object {
      "fields": Array [
        "ADMIN",
        "USER",
      ],
      "name": "Role",
    },
  ],
  "models": Array [
    Object {
      "documentation": "",
      "fields": Array [
        Object {
          "documentation": "",
          "isId": true,
          "kind": "scalar",
          "list": false,
          "map": undefined,
          "name": "id",
          "relationField": false,
          "required": true,
          "type": "Int",
          "unique": false,
        },
        Object {
          "documentation": "",
          "isId": false,
          "kind": "scalar",
          "list": false,
          "map": undefined,
          "name": "createdAt",
          "relationField": false,
          "required": true,
          "type": "DateTime",
          "unique": false,
        },
        Object {
          "documentation": "",
          "isId": false,
          "kind": "scalar",
          "list": false,
          "map": undefined,
          "name": "email",
          "relationField": false,
          "required": true,
          "type": "String",
          "unique": true,
        },
        Object {
          "documentation": "",
          "isId": false,
          "kind": "scalar",
          "list": false,
          "map": undefined,
          "name": "name",
          "relationField": false,
          "required": false,
          "type": "String",
          "unique": false,
        },
        Object {
          "documentation": "",
          "isId": false,
          "kind": "scalar",
          "list": false,
          "map": undefined,
          "name": "password",
          "relationField": false,
          "required": true,
          "type": "String",
          "unique": false,
        },
        Object {
          "documentation": "",
          "isId": false,
          "kind": "object",
          "list": true,
          "map": undefined,
          "name": "posts",
          "relation": undefined,
          "required": false,
          "type": "Post",
          "unique": false,
        },
      ],
      "name": "User",
    },
    Object {
      "documentation": "",
      "fields": Array [
        Object {
          "documentation": "",
          "isId": true,
          "kind": "scalar",
          "list": false,
          "map": undefined,
          "name": "id",
          "relationField": false,
          "required": true,
          "type": "Int",
          "unique": false,
        },
        Object {
          "documentation": "",
          "isId": false,
          "kind": "scalar",
          "list": false,
          "map": undefined,
          "name": "published",
          "relationField": false,
          "required": true,
          "type": "Boolean",
          "unique": false,
        },
        Object {
          "documentation": "",
          "isId": false,
          "kind": "scalar",
          "list": false,
          "map": undefined,
          "name": "title",
          "relationField": false,
          "required": true,
          "type": "String",
          "unique": false,
        },
        Object {
          "documentation": "",
          "isId": false,
          "kind": "object",
          "list": false,
          "map": undefined,
          "name": "author",
          "relation": Object {
            "fields": Array [
              "authorId",
            ],
            "references": Array [
              "id",
            ],
          },
          "required": false,
          "type": "User",
          "unique": false,
        },
        Object {
          "documentation": "",
          "isId": false,
          "kind": "scalar",
          "list": false,
          "map": undefined,
          "name": "authorId",
          "relationField": true,
          "required": false,
          "type": "Int",
          "unique": false,
        },
        Object {
          "documentation": "",
          "isId": false,
          "kind": "scalar",
          "list": false,
          "map": undefined,
          "name": "createdAt",
          "relationField": false,
          "required": true,
          "type": "DateTime",
          "unique": false,
        },
        Object {
          "documentation": "",
          "isId": false,
          "kind": "scalar",
          "list": false,
          "map": undefined,
          "name": "updatedAt",
          "relationField": false,
          "required": true,
          "type": "DateTime",
          "unique": false,
        },
      ],
      "name": "Post",
    },
  ],
}
`;
